// Jest Snapshot v1, https://goo.gl/fbAQLP

exports[`should read a directory with mixed data 1`] = `
{
  "lotr": [
    "dwarfs",
    "elf",
    "hobbits",
    "wizards",
  ],
  "penguins": [
    "skipper",
    "kowalski",
    "rico",
    "private",
  ],
}
`;

exports[`should read a file 1`] = `
{
  "age": "349",
  "name": "Alex",
}
`;
